#0 building with "desktop-linux" instance using docker driver

#1 [internal] load build definition from Dockerfile
#1 transferring dockerfile: 357B done
#1 DONE 0.0s

#2 [internal] load metadata for docker.io/library/eclipse-temurin:17-jre
#2 DONE 1.5s

#3 [internal] load metadata for docker.io/library/maven:3.9.9-eclipse-temurin-17
#3 DONE 1.6s

#4 [internal] load .dockerignore
#4 transferring context: 64B done
#4 DONE 0.0s

#5 [stage-1 1/3] FROM docker.io/library/eclipse-temurin:17-jre@sha256:07c1f0f0c3f3c714cea7a9250a8418ec329baa2cea1f77dcda2a7332ff937633
#5 DONE 0.0s

#6 [build 1/5] FROM docker.io/library/maven:3.9.9-eclipse-temurin-17@sha256:f58d59b6273e785ac0a4477f6e9b5ba1d7731c75b906c0f7b34076f1851318cc
#6 DONE 0.0s

#7 [internal] load build context
#7 transferring context: 493B done
#7 DONE 0.0s

#8 [build 5/5] RUN mvn clean package -DskipTests
#8 CACHED

#9 [stage-1 2/3] WORKDIR /app
#9 CACHED

#10 [build 2/5] WORKDIR /workspace
#10 CACHED

#11 [build 3/5] COPY pom.xml .
#11 CACHED

#12 [build 4/5] COPY src ./src
#12 CACHED

#13 [stage-1 3/3] COPY --from=build /workspace/target/spring-boot-hello-k8s-0.0.1-SNAPSHOT.jar app.jar
#13 CACHED

#14 exporting to image
#14 exporting layers done
#14 writing image sha256:1ff3cec9f891a3354d58a2ce038316fd693c7a6410937ba2cc3a727c7f5c1363 done
#14 naming to docker.io/ares/spring-boot-hello-k8s done
#14 DONE 0.0s
